2 0 E LOST
2 0 E
2 2 N LOST
2 2 N
0 2 W LOST
0 2 W
0 0 S LOST
0 0 S
